// Jest Snapshot v1, https://goo.gl/fbAQLP

exports[`<Posts /> should match a snapshot 1`] = `
<div>
  <div
    class="posts"
  >
    <div
      class="post"
    >
      <img
        alt="title 1"
        src="img/img1.png"
      />
      <div
        class="post-content"
      >
        <h3>
          title 1
        </h3>
        <p>
          body1
        </p>
      </div>
    </div>
    <div
      class="post"
    >
      <img
        alt="title 3"
        src="img/img2.png"
      />
      <div
        class="post-content"
      >
        <h3>
          title 3
        </h3>
        <p>
          body2
        </p>
      </div>
    </div>
    <div
      class="post"
    >
      <img
        alt="title 3"
        src="img/img3.png"
      />
      <div
        class="post-content"
      >
        <h3>
          title 3
        </h3>
        <p>
          body3
        </p>
      </div>
    </div>
  </div>
</div>
`;
